// Jest Snapshot v1, https://goo.gl/fbAQLP

exports[`Emissions Forecast API should calculate projected emissions correctly 1`] = `
{
  "data": {
    "cluster": {
      "description": {
        "en": "Emerging urban centers of industry (Non IPPU industry sectors)",
      },
      "id": 5,
    },
    "forecast": {
      "2025": {
        "I": "40399",
        "II": "22388",
        "III": "10581",
      },
      "2026": {
        "I": "42419",
        "II": "24403",
        "III": "11427",
      },
      "2027": {
        "I": "44964",
        "II": "25135",
        "III": "11770",
      },
      "2028": {
        "I": "47212",
        "II": "27397",
        "III": "12476",
      },
      "2029": {
        "I": "48156",
        "II": "30137",
        "III": "12601",
      },
      "2030": {
        "I": "51045",
        "II": "31945",
        "III": "13483",
      },
      "2031": {
        "I": "53087",
        "II": "34181",
        "III": "13618",
      },
      "2032": {
        "I": "56272",
        "II": "34865",
        "III": "14163",
      },
      "2033": {
        "I": "61336",
        "II": "37654",
        "III": "15438",
      },
      "2034": {
        "I": "61949",
        "II": "40290",
        "III": "15747",
      },
      "2035": {
        "I": "66285",
        "II": "42707",
        "III": "16062",
      },
      "2036": {
        "I": "68274",
        "II": "44842",
        "III": "17347",
      },
      "2037": {
        "I": "71688",
        "II": "46187",
        "III": "18388",
      },
      "2038": {
        "I": "78857",
        "II": "48496",
        "III": "19675",
      },
      "2039": {
        "I": "80434",
        "II": "48981",
        "III": "20069",
      },
      "2040": {
        "I": "85260",
        "II": "52899",
        "III": "21474",
      },
      "2041": {
        "I": "86965",
        "II": "54486",
        "III": "22977",
      },
      "2042": {
        "I": "93053",
        "II": "58300",
        "III": "23207",
      },
      "2043": {
        "I": "99567",
        "II": "58883",
        "III": "24831",
      },
      "2044": {
        "I": "103550",
        "II": "64182",
        "III": "26817",
      },
      "2045": {
        "I": "110799",
        "II": "70600",
        "III": "27622",
      },
      "2046": {
        "I": "118555",
        "II": "77660",
        "III": "28174",
      },
      "2047": {
        "I": "129225",
        "II": "78437",
        "III": "29301",
      },
      "2048": {
        "I": "135686",
        "II": "81574",
        "III": "30766",
      },
      "2049": {
        "I": "138400",
        "II": "84837",
        "III": "31381",
      },
      "2050": {
        "I": "143936",
        "II": "89079",
        "III": "32322",
      },
    },
    "growthRates": {
      "2024": {
        "I": 0.04,
        "II": 0.05,
        "III": 0.01,
        "IV": 0.05,
        "V": 0.08,
      },
      "2025": {
        "I": 0.04,
        "II": 0.05,
        "III": 0.01,
        "IV": 0.05,
        "V": 0.08,
      },
      "2026": {
        "I": 0.05,
        "II": 0.09,
        "III": 0.08,
        "IV": 0.06,
        "V": 0.05,
      },
      "2027": {
        "I": 0.06,
        "II": 0.03,
        "III": 0.03,
        "IV": 0.08,
        "V": 0.1,
      },
      "2028": {
        "I": 0.05,
        "II": 0.09,
        "III": 0.06,
        "IV": 0.02,
        "V": 0.05,
      },
      "2029": {
        "I": 0.02,
        "II": 0.1,
        "III": 0.01,
        "IV": 0.09,
        "V": 0.08,
      },
      "2030": {
        "I": 0.06,
        "II": 0.06,
        "III": 0.07,
        "IV": 0.04,
        "V": 0.03,
      },
      "2031": {
        "I": 0.04,
        "II": 0.07,
        "III": 0.01,
        "IV": 0.1,
        "V": 0.07,
      },
      "2032": {
        "I": 0.06,
        "II": 0.02,
        "III": 0.04,
        "IV": 0.04,
        "V": 0.06,
      },
      "2033": {
        "I": 0.09,
        "II": 0.08,
        "III": 0.09,
        "IV": 0.06,
        "V": 0.02,
      },
      "2034": {
        "I": 0.01,
        "II": 0.07,
        "III": 0.02,
        "IV": 0.06,
        "V": 0.09,
      },
      "2035": {
        "I": 0.07,
        "II": 0.06,
        "III": 0.02,
        "IV": 0.02,
        "V": 0.01,
      },
      "2036": {
        "I": 0.03,
        "II": 0.05,
        "III": 0.08,
        "IV": 0.06,
        "V": 0.08,
      },
      "2037": {
        "I": 0.05,
        "II": 0.03,
        "III": 0.06,
        "IV": 0.02,
        "V": 0.05,
      },
      "2038": {
        "I": 0.1,
        "II": 0.05,
        "III": 0.07,
        "IV": 0.06,
        "V": 0.02,
      },
      "2039": {
        "I": 0.02,
        "II": 0.01,
        "III": 0.02,
        "IV": 0.03,
        "V": 0.08,
      },
      "2040": {
        "I": 0.06,
        "II": 0.08,
        "III": 0.07,
        "IV": 0.04,
        "V": 0.03,
      },
      "2041": {
        "I": 0.02,
        "II": 0.03,
        "III": 0.07,
        "IV": 0.1,
        "V": 0.05,
      },
      "2042": {
        "I": 0.07,
        "II": 0.07,
        "III": 0.01,
        "IV": 0.1,
        "V": 0.09,
      },
      "2043": {
        "I": 0.07,
        "II": 0.01,
        "III": 0.07,
        "IV": 0.02,
        "V": 0.04,
      },
      "2044": {
        "I": 0.04,
        "II": 0.09,
        "III": 0.08,
        "IV": 0.04,
        "V": 0.09,
      },
      "2045": {
        "I": 0.07,
        "II": 0.1,
        "III": 0.03,
        "IV": 0.02,
        "V": 0.1,
      },
      "2046": {
        "I": 0.07,
        "II": 0.1,
        "III": 0.02,
        "IV": 0.06,
        "V": 0.07,
      },
      "2047": {
        "I": 0.09,
        "II": 0.01,
        "III": 0.04,
        "IV": 0.09,
        "V": 0.07,
      },
      "2048": {
        "I": 0.05,
        "II": 0.04,
        "III": 0.05,
        "IV": 0.03,
        "V": 0.02,
      },
      "2049": {
        "I": 0.02,
        "II": 0.04,
        "III": 0.02,
        "IV": 0.05,
        "V": 0.05,
      },
      "2050": {
        "I": 0.04,
        "II": 0.05,
        "III": 0.03,
        "IV": 0.08,
        "V": 0.01,
      },
    },
  },
}
`;
