// Jest Snapshot v1, https://goo.gl/fbAQLP

exports[`Results API should return correct results for a sector 1`] = `
{
  "data": {
    "activitiesForSectorBreakdown": {},
  },
}
`;
